// Vitest Snapshot v1, https://vitest.dev/guide/snapshot.html

exports[`About Page > renders the page 1`] = `
<DocumentFragment>
  <section
    class="aboutPage"
  >
    <div
      class="aboutPage__profile"
    >
      <div
        class="aboutPage__profile-container"
      >
        <picture>
          <source
            srcset="/src/images/webp/profile_raymond-chiu.webp"
            type="image/webp"
          />
          <source
            srcset="/src/images/jpg/profile_raymond-chiu.jpg"
            type="image/jpeg"
          />
          <img
            alt="Raymond Chiu"
            draggable="false"
            src="/src/images/jpg/profile_raymond-chiu.jpg"
          />
        </picture>
      </div>
    </div>
    <h2
      class="aboutPage__header"
    >
      Hey there!
    </h2>
    <div
      class="aboutPage_body"
    >
      <p
        class="aboutPage_body-content"
      >
        I'm a Full Stack Developer with a background in Digital Design and Development, user experience/interface design.
      </p>
      <p
        class="aboutPage_body-content"
      >
        I have been building my craft in the industry over the last 7+ years and has had the privilege of working with exceptional companies, such as Frame One Software, Ex Populus, and Xai Games, and many others. I also have experience working with startups and projects such as Netcoins, ShackHacker, and Revyva.
      </p>
      <p
        class="aboutPage_body-content"
      >
        I also enjoy playing disc golf, video games, and enjoying the local restraunts in the area.
      </p>
      <p
        class="aboutPage_body-content"
      >
        You may have noticed that almost all my work is in screenshot form - almost all of my professional work is on private repositories, so if you would like to know more, shoot me a message on my 
        <a
          href="https://www.linkedin.com/in/rachiu/"
          rel="noopener noreferrer"
          target="_blank"
        >
          LinkedIn
        </a>
      </p>
      <div
        class="aboutPage__cta"
      >
        <a
          class="aboutPage__cta-button"
          draggable="false"
          href="https://drive.google.com/file/d/1UZJVieFiVFGzZW2MWcJzFRLRVRgZbBfo/view"
          rel="noopener noreferrer"
          target="_blank"
        >
          View Resume
        </a>
      </div>
    </div>
  </section>
</DocumentFragment>
`;
