// Vitest Snapshot v1, https://vitest.dev/guide/snapshot.html

exports[`about page render > renders the page 1`] = `
<DocumentFragment>
  <section
    class="aboutPage"
  >
    <div
      class="aboutPage_profile"
    >
      <div
        class="aboutPage_profile_container"
      >
        <img
          alt="Raymond Chiu"
          src="/src/images/arizona_profile.jpg"
        />
      </div>
    </div>
    <h2>
      Hey there,
    </h2>
    <div
      class="aboutPage_body"
    >
      <p>
        I'm a Full Stack Developer with a background in Digital Design and Development, user experience/interface design with a focus on Frontend Development.
      </p>
      <p>
        I have been building my craft in the industry over the last 6+ years and has had the privilege of working with exceptional companies, such as Frame One Software, Expopulus, and Xai Games, and many others. I also have experience working with startups and projects such as Netcoins, ShackHacker, and Revyva.
      </p>
      <p>
        I also enjoy playing disc golf, video games, and enjoying the local restraunts in the area.
      </p>
      <p>
        You may have noticed that almost all my work is in screenshot form - almost all of my professional work is on private repositories, so if you would like to know more, shoot me a message on my 
        <a
          href="https://www.linkedin.com/in/rachiu/"
          rel="noopener noreferrer"
          target="_blank"
        >
          LinkedIn
        </a>
      </p>
    </div>
  </section>
</DocumentFragment>
`;
